2016-05 web alive.solsort.com
2016-05 git fmtools
2016-04 web forum.tinkuy.dk
2016-01 git mubackend rasmuserik
2016-01 git apps rasmuserik
2016-00 web rasmuserik.com
2016-00 web annevoel.dk
2016-00 git mobibl
2015-12 git html5book rasmuserik
2015-12 git app-list rasmuserik
2015-11 git bibapp rasmuserik
2015-09 git lemon NewCircleMovement
2014-12 git visualisering-af-relationer solsort
2014-04 git sketch-note-draw rasmuserik
2014-03 git single-touch-snake rasmuserik
2014-03 git morse-code rasmuserik
2014-03 git frie-sange rasmuserik
2014-02 git kbh-parking rasmuserik
2014-02 git 360-viewer OneTwo360
2013-09 git art-quiz rasmuserik
2013-04 git app-tsartnoc rasmuserik
2012-05 git blobshot rasmuserik
2011-08 git planetcute rasmuserik
2011-08 git dkcities rasmuserik
2011-03 git notescore rasmuserik
2011-03 git julia4d rasmuserik
2011-03 git js1k-sierpinsky rasmuserik
2011-03 git js1k-rain rasmuserik
2011-03 git js1k-brownian rasmuserik
2011-00 git timelog rasmuserik
2011-00 git combigame rasmuserik
